Archive member included because of file (symbol)

../library/lpcusb/usbstack.a(usbhw_lpc.o)
                              main_msc.o (USBHwRegisterEPIntHandler)
../library/lpcusb/usbstack.a(usbcontrol.o)
                              main_msc.o (USBRegisterRequestHandler)
../library/lpcusb/usbstack.a(usbstdreq.o)
                              main_msc.o (USBRegisterDescriptors)
../library/lpcusb/usbstack.a(usbinit.o)
                              main_msc.o (USBInit)
c:/winarm/bin/../lib/gcc/arm-elf/4.1.1\libgcc.a(_udivsi3.o)
                              printf.o (__udivsi3)
c:/winarm/bin/../lib/gcc/arm-elf/4.1.1\libgcc.a(_umodsi3.o)
                              printf.o (__umodsi3)
c:/winarm/bin/../lib/gcc/arm-elf/4.1.1\libgcc.a(_dvmd_tls.o)
                              c:/winarm/bin/../lib/gcc/arm-elf/4.1.1\libgcc.a(_udivsi3.o) (__div0)
c:/winarm/bin/../lib/gcc/arm-elf/4.1.1/../../../../arm-elf/lib\libc.a(memcpy.o)
                              main_msc.o (memcpy)
c:/winarm/bin/../lib/gcc/arm-elf/4.1.1/../../../../arm-elf/lib\libc.a(memset.o)
                              iap.o (memset)

Allocating common symbols
Common symbol       size              file

RamDisk             0x1c00            blockdev.o

Memory Configuration

Name             Origin             Length             Attributes
flash            0x00000000         0x00007000
ram_isp_low      0x40000120         0x000000df         a
ram              0x40000200         0x00007f01
ram_isp_high     0x40007fe0         0x00000020         a
ram_usb_dma      0x7fd00000         0x00002000
*default*        0x00000000         0xffffffff

Linker script and memory map

LOAD crt0.o
LOAD startup.o
LOAD printf.o
LOAD console.o
LOAD sys.o
LOAD main_msc.o
LOAD msc_bot.o
LOAD msc_scsi.o
LOAD blockdev.o
LOAD iap.o
LOAD logo.o
LOAD ../library/lpcusb/usbstack.a
START GROUP
LOAD c:/winarm/bin/../lib/gcc/arm-elf/4.1.1\libgcc.a
LOAD c:/winarm/bin/../lib/gcc/arm-elf/4.1.1/../../../../arm-elf/lib\libc.a
END GROUP
                0x40007edc                _user_stack_end = 0x40007edc
                0x40000000                _user_ram_low = 0x40000000
                0x00000018                _irq_scratch_size = 0x18
                0x7fd01fe8                _svc_stack_end = (0x7fd02000 - _irq_scratch_size)
                0x00000000                . = 0x0

startup
 *(.startup)

.text           0x00000000     0x3e68
 *(.text)
 .text          0x00000000      0x1b0 crt0.o
                0x00000000                _startup
                0x00000040                Reset_Handler
 .text          0x000001b0      0x10c startup.o
                0x000001d8                UNDEF_Routine
                0x000001d4                SWI_Routine
                0x000001d0                FIQ_Routine
                0x00000258                Reset
                0x000001cc                IRQ_Routine
                0x000001dc                Initialize
 .text          0x000002bc      0x438 printf.o
                0x000006a0                printf
                0x000006c8                sprintf
 .text          0x000006f4       0xd8 console.o
                0x0000073c                putchar
                0x000006f4                ConsoleInit
                0x000007a0                puts
                0x00000780                getchar
 .text          0x000007cc      0x190 sys.o
                0x00000858                delay_ms_t1
                0x00000814                delay_us_t0
                0x00000904                restoreIRQ
                0x000007cc                delay_ms_t0
                0x00000920                enableFIQ
                0x00000930                disableFIQ
                0x000008a0                delay_us_t1
                0x000008e4                enableIRQ
                0x00000940                restoreFIQ
                0x000008f4                disableIRQ
 .text          0x0000095c      0x268 main_msc.o
                0x00000bc0                dump
                0x00000ae4                USB_stop
                0x00000b04                callUserProg
                0x00000ad8                checkUserCodePresent
                0x00000b60                main
                0x00000a28                usb_bootloader
                0x00000ac0                getPinState
 .text          0x00000bc4      0x38c msc_bot.o
                0x00000ef0                MSCBotBulkIn
                0x00000cd0                MSCBotReset
                0x00000ce4                MSCBotBulkOut
 .text          0x00000f50      0x37c msc_scsi.o
                0x0000109c                SCSIHandleData
                0x00000f74                SCSIHandleCmd
                0x00000f50                SCSIReset
 .text          0x000012cc      0x3b0 blockdev.o
                0x000012e4                BlockDevRead
                0x00001370                BlockDevInit
                0x000012cc                BlockDevGetSize
                0x00001488                BlockDevWrite
 .text          0x0000167c      0x39c iap.o
                0x00001864                iapBlankCheckSectors
                0x00001690                iapSectorToAddress
                0x000018e0                iapReadBootCodeVersion
                0x00001778                iapPrepareSectors
                0x00001910                iapCompare
                0x00001950                iapFillSectors
                0x000016d0                iapAddressToSector
                0x000017b8                iapWriteSectors
                0x00001724                iapGetErrno
                0x00001800                iapEraseSectors
                0x000018b0                iapReadPartID
                0x00001734                iapStrerror
 .text          0x00001a18        0x0 logo.o
 .text          0x00001a18      0x4cc ../library/lpcusb/usbstack.a(usbhw_lpc.o)
                0x00001c80                USBHwEPRead
                0x00001d34                USBHwISR
                0x00001c04                USBHwEPWrite
                0x00001ac0                USBHwEPConfig
                0x00001ba0                USBHwSetAddress
                0x00001bb4                USBHwConnect
                0x00001be4                USBHwEPStall
                0x00001b58                USBHwRegisterDevIntHandler
                0x00001b14                USBHwRegisterEPIntHandler
                0x00001d1c                USBHwDeviceGetStatus
                0x00001d24                USBHwConfigDevice
                0x00001bc4                USBHwNakIntEnable
                0x00001e28                USBHwInit
                0x00001b7c                USBHwRegisterFrameHandler
                0x00001bd0                USBHwEPGetStatus
 .text          0x00001ee4      0x1b4 ../library/lpcusb/usbstack.a(usbcontrol.o)
                0x00001f34                USBHandleControlTransfer
                0x00002080                USBRegisterRequestHandler
 .text          0x00002098      0x2f4 ../library/lpcusb/usbstack.a(usbstdreq.o)
                0x000020a8                USBGetDescriptor
                0x0000237c                USBRegisterCustomReqHandler
                0x00002098                USBRegisterDescriptors
                0x00002120                USBHandleStandardRequest
 .text          0x0000238c       0x70 ../library/lpcusb/usbstack.a(usbinit.o)
                0x00002390                USBInit
 .text          0x000023fc      0x110 c:/winarm/bin/../lib/gcc/arm-elf/4.1.1\libgcc.a(_udivsi3.o)
                0x000023fc                __udivsi3
                0x000023fc                __aeabi_uidiv
                0x000024f4                __aeabi_uidivmod
 .text          0x0000250c       0xcc c:/winarm/bin/../lib/gcc/arm-elf/4.1.1\libgcc.a(_umodsi3.o)
                0x0000250c                __umodsi3
 .text          0x000025d8        0x4 c:/winarm/bin/../lib/gcc/arm-elf/4.1.1\libgcc.a(_dvmd_tls.o)
                0x000025d8                __aeabi_ldiv0
                0x000025d8                __div0
                0x000025d8                __aeabi_idiv0
 .text          0x000025dc       0x20 c:/winarm/bin/../lib/gcc/arm-elf/4.1.1/../../../../arm-elf/lib\libc.a(memcpy.o)
                0x000025dc                memcpy
 .text          0x000025fc       0x1c c:/winarm/bin/../lib/gcc/arm-elf/4.1.1/../../../../arm-elf/lib\libc.a(memset.o)
                0x000025fc                memset
 *(.rodata)
 .rodata        0x00002618       0xc4 main_msc.o
 .rodata        0x000026dc       0x40 msc_scsi.o
 .rodata        0x0000271c      0x117 blockdev.o
                0x000027f2                autoruninf
                0x0000271c                BootSect
                0x0000275a                FAT
                0x00002772                RootDir
 *fill*         0x00002833        0x1 00
 .rodata        0x00002834      0x188 iap.o
 .rodata        0x000029bc     0x10c4 logo.o
                0x00003a7c                logo_ico_len
                0x000029bc                logo_ico
 *(.rodata*)
 .rodata.str1.1
                0x00003a80        0x7 printf.o
 *fill*         0x00003a87        0x1 00
 .rodata.str1.4
                0x00003a88      0x25c blockdev.o
 .rodata.str1.1
                0x00003ce4      0x183 iap.o
                                0x1a4 (size before relaxing)
 *(.glue_7)
 *fill*         0x00003e67        0x1 00
 .glue_7        0x00003e68        0x0 crt0.o
 .glue_7        0x00003e68        0x0 startup.o
 .glue_7        0x00003e68        0x0 printf.o
 .glue_7        0x00003e68        0x0 console.o
 .glue_7        0x00003e68        0x0 sys.o
 .glue_7        0x00003e68        0x0 main_msc.o
 .glue_7        0x00003e68        0x0 msc_bot.o
 .glue_7        0x00003e68        0x0 msc_scsi.o
 .glue_7        0x00003e68        0x0 blockdev.o
 .glue_7        0x00003e68        0x0 iap.o
 .glue_7        0x00003e68        0x0 logo.o
 .glue_7        0x00003e68        0x0 ../library/lpcusb/usbstack.a(usbhw_lpc.o)
 .glue_7        0x00003e68        0x0 ../library/lpcusb/usbstack.a(usbcontrol.o)
 .glue_7        0x00003e68        0x0 ../library/lpcusb/usbstack.a(usbstdreq.o)
 .glue_7        0x00003e68        0x0 ../library/lpcusb/usbstack.a(usbinit.o)
 .glue_7        0x00003e68        0x0 c:/winarm/bin/../lib/gcc/arm-elf/4.1.1\libgcc.a(_udivsi3.o)
 .glue_7        0x00003e68        0x0 c:/winarm/bin/../lib/gcc/arm-elf/4.1.1\libgcc.a(_umodsi3.o)
 .glue_7        0x00003e68        0x0 c:/winarm/bin/../lib/gcc/arm-elf/4.1.1\libgcc.a(_dvmd_tls.o)
 .glue_7        0x00003e68        0x0 c:/winarm/bin/../lib/gcc/arm-elf/4.1.1/../../../../arm-elf/lib\libc.a(memcpy.o)
 .glue_7        0x00003e68        0x0 c:/winarm/bin/../lib/gcc/arm-elf/4.1.1/../../../../arm-elf/lib\libc.a(memset.o)
 *(.glue_7t)
 .glue_7t       0x00003e68        0x0 crt0.o
 .glue_7t       0x00003e68        0x0 startup.o
 .glue_7t       0x00003e68        0x0 printf.o
 .glue_7t       0x00003e68        0x0 console.o
 .glue_7t       0x00003e68        0x0 sys.o
 .glue_7t       0x00003e68        0x0 main_msc.o
 .glue_7t       0x00003e68        0x0 msc_bot.o
 .glue_7t       0x00003e68        0x0 msc_scsi.o
 .glue_7t       0x00003e68        0x0 blockdev.o
 .glue_7t       0x00003e68        0x0 iap.o
 .glue_7t       0x00003e68        0x0 logo.o
 .glue_7t       0x00003e68        0x0 ../library/lpcusb/usbstack.a(usbhw_lpc.o)
 .glue_7t       0x00003e68        0x0 ../library/lpcusb/usbstack.a(usbcontrol.o)
 .glue_7t       0x00003e68        0x0 ../library/lpcusb/usbstack.a(usbstdreq.o)
 .glue_7t       0x00003e68        0x0 ../library/lpcusb/usbstack.a(usbinit.o)
 .glue_7t       0x00003e68        0x0 c:/winarm/bin/../lib/gcc/arm-elf/4.1.1\libgcc.a(_udivsi3.o)
 .glue_7t       0x00003e68        0x0 c:/winarm/bin/../lib/gcc/arm-elf/4.1.1\libgcc.a(_umodsi3.o)
 .glue_7t       0x00003e68        0x0 c:/winarm/bin/../lib/gcc/arm-elf/4.1.1\libgcc.a(_dvmd_tls.o)
 .glue_7t       0x00003e68        0x0 c:/winarm/bin/../lib/gcc/arm-elf/4.1.1/../../../../arm-elf/lib\libc.a(memcpy.o)
 .glue_7t       0x00003e68        0x0 c:/winarm/bin/../lib/gcc/arm-elf/4.1.1/../../../../arm-elf/lib\libc.a(memset.o)
                0x00003e68                _etext = .
                0x00003e68                . = ALIGN (0x4)
                0x00003e68                _flash_data_start = .

.data           0x7fd00000        0xc load address 0x00003e68
                0x7fd00000                _data = .
 *(.data)
 .data          0x7fd00000        0x0 crt0.o
 .data          0x7fd00000        0x0 startup.o
 .data          0x7fd00000        0x0 printf.o
 .data          0x7fd00000        0x0 console.o
 .data          0x7fd00000        0x0 sys.o
 .data          0x7fd00000        0x8 main_msc.o
 .data          0x7fd00008        0x0 msc_bot.o
 .data          0x7fd00008        0x4 msc_scsi.o
 .data          0x7fd0000c        0x0 blockdev.o
 .data          0x7fd0000c        0x0 iap.o
 .data          0x7fd0000c        0x0 logo.o
 .data          0x7fd0000c        0x0 ../library/lpcusb/usbstack.a(usbhw_lpc.o)
 .data          0x7fd0000c        0x0 ../library/lpcusb/usbstack.a(usbcontrol.o)
 .data          0x7fd0000c        0x0 ../library/lpcusb/usbstack.a(usbstdreq.o)
 .data          0x7fd0000c        0x0 ../library/lpcusb/usbstack.a(usbinit.o)
 .data          0x7fd0000c        0x0 c:/winarm/bin/../lib/gcc/arm-elf/4.1.1\libgcc.a(_udivsi3.o)
 .data          0x7fd0000c        0x0 c:/winarm/bin/../lib/gcc/arm-elf/4.1.1\libgcc.a(_umodsi3.o)
 .data          0x7fd0000c        0x0 c:/winarm/bin/../lib/gcc/arm-elf/4.1.1\libgcc.a(_dvmd_tls.o)
 .data          0x7fd0000c        0x0 c:/winarm/bin/../lib/gcc/arm-elf/4.1.1/../../../../arm-elf/lib\libc.a(memcpy.o)
 .data          0x7fd0000c        0x0 c:/winarm/bin/../lib/gcc/arm-elf/4.1.1/../../../../arm-elf/lib\libc.a(memset.o)
                0x7fd0000c                _edata = .

.bss            0x7fd0000c     0x1f14
                0x7fd0000c                _bss_start = .
 *(.bss)
 .bss           0x7fd0000c        0x0 crt0.o
 .bss           0x7fd0000c        0x0 startup.o
 .bss           0x7fd0000c        0x0 printf.o
 .bss           0x7fd0000c        0x0 console.o
 .bss           0x7fd0000c        0x0 sys.o
 .bss           0x7fd0000c       0x10 main_msc.o
 .bss           0x7fd0001c       0x40 msc_bot.o
 .bss           0x7fd0005c      0x204 msc_scsi.o
 .bss           0x7fd00260       0x10 blockdev.o
                0x7fd00260                USER_FLASH_START
                0x7fd0026c                MSC_BlockCount
                0x7fd00268                MSC_MemorySize
                0x7fd00264                USER_FLASH_SIZE
 .bss           0x7fd00270       0x20 iap.o
 .bss           0x7fd00290        0x0 logo.o
 .bss           0x7fd00290       0x48 ../library/lpcusb/usbstack.a(usbhw_lpc.o)
 .bss           0x7fd002d8       0x34 ../library/lpcusb/usbstack.a(usbcontrol.o)
 .bss           0x7fd0030c        0xc ../library/lpcusb/usbstack.a(usbstdreq.o)
 .bss           0x7fd00318        0x8 ../library/lpcusb/usbstack.a(usbinit.o)
 .bss           0x7fd00320        0x0 c:/winarm/bin/../lib/gcc/arm-elf/4.1.1\libgcc.a(_udivsi3.o)
 .bss           0x7fd00320        0x0 c:/winarm/bin/../lib/gcc/arm-elf/4.1.1\libgcc.a(_umodsi3.o)
 .bss           0x7fd00320        0x0 c:/winarm/bin/../lib/gcc/arm-elf/4.1.1\libgcc.a(_dvmd_tls.o)
 .bss           0x7fd00320        0x0 c:/winarm/bin/../lib/gcc/arm-elf/4.1.1/../../../../arm-elf/lib\libc.a(memcpy.o)
 .bss           0x7fd00320        0x0 c:/winarm/bin/../lib/gcc/arm-elf/4.1.1/../../../../arm-elf/lib\libc.a(memset.o)
 COMMON         0x7fd00320     0x1c00 blockdev.o
                0x7fd00320                RamDisk
                0x7fd01f20                . = ALIGN (0x4)
                0x7fd01f20                _bss_end = .
                0x7fd01f20                _end = .
OUTPUT(bloader.elf elf32-littlearm)

.ARM.attributes
                0x00000000       0x10
 .ARM.attributes
                0x00000000       0x10 crt0.o
 .ARM.attributes
                0x00000010       0x10 startup.o
 .ARM.attributes
                0x00000020       0x10 printf.o
 .ARM.attributes
                0x00000030       0x10 console.o
 .ARM.attributes
                0x00000040       0x10 sys.o
 .ARM.attributes
                0x00000050       0x10 main_msc.o
 .ARM.attributes
                0x00000060       0x10 msc_bot.o
 .ARM.attributes
                0x00000070       0x10 msc_scsi.o
 .ARM.attributes
                0x00000080       0x10 iap.o
 .ARM.attributes
                0x00000090       0x10 logo.o
 .ARM.attributes
                0x000000a0       0x10 ../library/lpcusb/usbstack.a(usbhw_lpc.o)
 .ARM.attributes
                0x000000b0       0x10 ../library/lpcusb/usbstack.a(usbcontrol.o)
 .ARM.attributes
                0x000000c0       0x10 ../library/lpcusb/usbstack.a(usbstdreq.o)
 .ARM.attributes
                0x000000d0       0x10 ../library/lpcusb/usbstack.a(usbinit.o)

.debug_abbrev   0x00000000     0x134f
 .debug_abbrev  0x00000000       0x51 startup.o
 .debug_abbrev  0x00000051      0x15e printf.o
 .debug_abbrev  0x000001af       0xc7 console.o
 .debug_abbrev  0x00000276      0x111 sys.o
 .debug_abbrev  0x00000387      0x222 main_msc.o
 .debug_abbrev  0x000005a9      0x1e9 msc_bot.o
 .debug_abbrev  0x00000792      0x100 msc_scsi.o
 .debug_abbrev  0x00000892      0x1cb blockdev.o
 .debug_abbrev  0x00000a5d      0x174 iap.o
 .debug_abbrev  0x00000bd1       0x5a logo.o
 .debug_abbrev  0x00000c2b      0x280 ../library/lpcusb/usbstack.a(usbhw_lpc.o)
 .debug_abbrev  0x00000eab      0x1be ../library/lpcusb/usbstack.a(usbcontrol.o)
 .debug_abbrev  0x00001069      0x20a ../library/lpcusb/usbstack.a(usbstdreq.o)
 .debug_abbrev  0x00001273       0xa0 ../library/lpcusb/usbstack.a(usbinit.o)
 .debug_abbrev  0x00001313       0x14 c:/winarm/bin/../lib/gcc/arm-elf/4.1.1\libgcc.a(_udivsi3.o)
 .debug_abbrev  0x00001327       0x14 c:/winarm/bin/../lib/gcc/arm-elf/4.1.1\libgcc.a(_umodsi3.o)
 .debug_abbrev  0x0000133b       0x14 c:/winarm/bin/../lib/gcc/arm-elf/4.1.1\libgcc.a(_dvmd_tls.o)

.debug_info     0x00000000     0x2c93
 .debug_info    0x00000000       0xb3 startup.o
 .debug_info    0x000000b3      0x359 printf.o
 .debug_info    0x0000040c       0xd3 console.o
 .debug_info    0x000004df      0x390 sys.o
 .debug_info    0x0000086f      0x3fd main_msc.o
 .debug_info    0x00000c6c      0x3ca msc_bot.o
 .debug_info    0x00001036      0x318 msc_scsi.o
 .debug_info    0x0000134e      0x36f blockdev.o
 .debug_info    0x000016bd      0x55e iap.o
 .debug_info    0x00001c1b       0x7b logo.o
 .debug_info    0x00001c96      0x5ef ../library/lpcusb/usbstack.a(usbhw_lpc.o)
 .debug_info    0x00002285      0x368 ../library/lpcusb/usbstack.a(usbcontrol.o)
 .debug_info    0x000025ed      0x48d ../library/lpcusb/usbstack.a(usbstdreq.o)
 .debug_info    0x00002a7a       0xbd ../library/lpcusb/usbstack.a(usbinit.o)
 .debug_info    0x00002b37       0x74 c:/winarm/bin/../lib/gcc/arm-elf/4.1.1\libgcc.a(_udivsi3.o)
 .debug_info    0x00002bab       0x74 c:/winarm/bin/../lib/gcc/arm-elf/4.1.1\libgcc.a(_umodsi3.o)
 .debug_info    0x00002c1f       0x74 c:/winarm/bin/../lib/gcc/arm-elf/4.1.1\libgcc.a(_dvmd_tls.o)

.debug_line     0x00000000      0xd62
 .debug_line    0x00000000       0x74 startup.o
 .debug_line    0x00000074      0x1a1 printf.o
 .debug_line    0x00000215       0x67 console.o
 .debug_line    0x0000027c       0xfa sys.o
 .debug_line    0x00000376      0x13c main_msc.o
 .debug_line    0x000004b2      0x10a msc_bot.o
 .debug_line    0x000005bc       0xf3 msc_scsi.o
 .debug_line    0x000006af       0xc1 blockdev.o
 .debug_line    0x00000770       0xd7 iap.o
 .debug_line    0x00000847       0x27 logo.o
 .debug_line    0x0000086e      0x171 ../library/lpcusb/usbstack.a(usbhw_lpc.o)
 .debug_line    0x000009df       0xc6 ../library/lpcusb/usbstack.a(usbcontrol.o)
 .debug_line    0x00000aa5      0x10a ../library/lpcusb/usbstack.a(usbstdreq.o)
 .debug_line    0x00000baf       0x52 ../library/lpcusb/usbstack.a(usbinit.o)
 .debug_line    0x00000c01       0x8c c:/winarm/bin/../lib/gcc/arm-elf/4.1.1\libgcc.a(_udivsi3.o)
 .debug_line    0x00000c8d       0x75 c:/winarm/bin/../lib/gcc/arm-elf/4.1.1\libgcc.a(_umodsi3.o)
 .debug_line    0x00000d02       0x60 c:/winarm/bin/../lib/gcc/arm-elf/4.1.1\libgcc.a(_dvmd_tls.o)

.debug_loc      0x00000000     0x1cd1
 .debug_loc     0x00000000       0x40 startup.o
 .debug_loc     0x00000040      0x5d9 printf.o
 .debug_loc     0x00000619       0x46 console.o
 .debug_loc     0x0000065f       0x79 sys.o
 .debug_loc     0x000006d8      0x186 main_msc.o
 .debug_loc     0x0000085e      0x257 msc_bot.o
 .debug_loc     0x00000ab5      0x2b0 msc_scsi.o
 .debug_loc     0x00000d65      0x1e7 blockdev.o
 .debug_loc     0x00000f4c      0x45e iap.o
 .debug_loc     0x000013aa      0x418 ../library/lpcusb/usbstack.a(usbhw_lpc.o)
 .debug_loc     0x000017c2      0x1a0 ../library/lpcusb/usbstack.a(usbcontrol.o)
 .debug_loc     0x00001962      0x34f ../library/lpcusb/usbstack.a(usbstdreq.o)
 .debug_loc     0x00001cb1       0x20 ../library/lpcusb/usbstack.a(usbinit.o)

.debug_pubnames
                0x00000000      0x6db
 .debug_pubnames
                0x00000000       0x6d startup.o
 .debug_pubnames
                0x0000006d       0x29 printf.o
 .debug_pubnames
                0x00000096       0x43 console.o
 .debug_pubnames
                0x000000d9       0xaa sys.o
 .debug_pubnames
                0x00000183       0x7e main_msc.o
 .debug_pubnames
                0x00000201       0x45 msc_bot.o
 .debug_pubnames
                0x00000246       0x45 msc_scsi.o
 .debug_pubnames
                0x0000028b       0xe5 blockdev.o
 .debug_pubnames
                0x00000370      0x106 iap.o
 .debug_pubnames
                0x00000476       0x30 logo.o
 .debug_pubnames
                0x000004a6      0x14b ../library/lpcusb/usbstack.a(usbhw_lpc.o)
 .debug_pubnames
                0x000005f1       0x4d ../library/lpcusb/usbstack.a(usbcontrol.o)
 .debug_pubnames
                0x0000063e       0x7f ../library/lpcusb/usbstack.a(usbstdreq.o)
 .debug_pubnames
                0x000006bd       0x1e ../library/lpcusb/usbstack.a(usbinit.o)

.debug_aranges  0x00000000      0x200
 .debug_aranges
                0x00000000       0x20 startup.o
 .debug_aranges
                0x00000020       0x20 printf.o
 .debug_aranges
                0x00000040       0x20 console.o
 .debug_aranges
                0x00000060       0x20 sys.o
 .debug_aranges
                0x00000080       0x20 main_msc.o
 .debug_aranges
                0x000000a0       0x20 msc_bot.o
 .debug_aranges
                0x000000c0       0x20 msc_scsi.o
 .debug_aranges
                0x000000e0       0x20 blockdev.o
 .debug_aranges
                0x00000100       0x20 iap.o
 .debug_aranges
                0x00000120       0x20 ../library/lpcusb/usbstack.a(usbhw_lpc.o)
 .debug_aranges
                0x00000140       0x20 ../library/lpcusb/usbstack.a(usbcontrol.o)
 .debug_aranges
                0x00000160       0x20 ../library/lpcusb/usbstack.a(usbstdreq.o)
 .debug_aranges
                0x00000180       0x20 ../library/lpcusb/usbstack.a(usbinit.o)
 .debug_aranges
                0x000001a0       0x20 c:/winarm/bin/../lib/gcc/arm-elf/4.1.1\libgcc.a(_udivsi3.o)
 .debug_aranges
                0x000001c0       0x20 c:/winarm/bin/../lib/gcc/arm-elf/4.1.1\libgcc.a(_umodsi3.o)
 .debug_aranges
                0x000001e0       0x20 c:/winarm/bin/../lib/gcc/arm-elf/4.1.1\libgcc.a(_dvmd_tls.o)

.debug_str      0x00000000      0xdb2
 .debug_str     0x00000000       0x88 startup.o
                                 0x8e (size before relaxing)
 .debug_str     0x00000088       0x83 printf.o
                                 0xf2 (size before relaxing)
 .debug_str     0x0000010b       0x34 console.o
                                 0x75 (size before relaxing)
 .debug_str     0x0000013f       0x9f sys.o
                                0x100 (size before relaxing)
 .debug_str     0x000001de      0x199 main_msc.o
                                0x21c (size before relaxing)
 .debug_str     0x00000377      0x166 msc_bot.o
                                0x254 (size before relaxing)
 .debug_str     0x000004dd       0xee msc_scsi.o
                                0x1d0 (size before relaxing)
 .debug_str     0x000005cb      0x148 blockdev.o
                                0x1d6 (size before relaxing)
 .debug_str     0x00000713      0x1dc iap.o
                                0x2ad (size before relaxing)
 .debug_str     0x000008ef        0x7 logo.o
                                 0x86 (size before relaxing)
 .debug_str     0x000008f6      0x28f ../library/lpcusb/usbstack.a(usbhw_lpc.o)
                                0x2fe (size before relaxing)
 .debug_str     0x00000b85       0x94 ../library/lpcusb/usbstack.a(usbcontrol.o)
                                0x1b3 (size before relaxing)
 .debug_str     0x00000c19      0x160 ../library/lpcusb/usbstack.a(usbstdreq.o)
                                0x248 (size before relaxing)
 .debug_str     0x00000d79       0x39 ../library/lpcusb/usbstack.a(usbinit.o)
                                 0xc1 (size before relaxing)

.comment        0x00000000       0x62
 .comment       0x00000000       0x11 startup.o
                                 0x12 (size before relaxing)
 .comment       0x00000000       0x12 printf.o
 .comment       0x00000000       0x12 console.o
 .comment       0x00000000       0x12 sys.o
 .comment       0x00000000       0x12 main_msc.o
 .comment       0x00000000       0x12 msc_bot.o
 .comment       0x00000000       0x12 msc_scsi.o
 .comment       0x00000011       0x1b blockdev.o
 .comment       0x00000000       0x12 iap.o
 .comment       0x00000000       0x12 logo.o
 .comment       0x00000000       0x12 ../library/lpcusb/usbstack.a(usbhw_lpc.o)
 .comment       0x00000000       0x12 ../library/lpcusb/usbstack.a(usbcontrol.o)
 .comment       0x00000000       0x12 ../library/lpcusb/usbstack.a(usbstdreq.o)
 .comment       0x00000000       0x12 ../library/lpcusb/usbstack.a(usbinit.o)
 .comment       0x0000002c       0x1b c:/winarm/bin/../lib/gcc/arm-elf/4.1.1/../../../../arm-elf/lib\libc.a(memcpy.o)
 .comment       0x00000047       0x1b c:/winarm/bin/../lib/gcc/arm-elf/4.1.1/../../../../arm-elf/lib\libc.a(memset.o)

.debug_frame    0x00000000      0x8e4
 .debug_frame   0x00000000       0x94 startup.o
 .debug_frame   0x00000094       0xe4 printf.o
 .debug_frame   0x00000178       0x58 console.o
 .debug_frame   0x000001d0       0xb0 sys.o
 .debug_frame   0x00000280       0xd4 main_msc.o
 .debug_frame   0x00000354       0x98 msc_bot.o
 .debug_frame   0x000003ec       0x58 msc_scsi.o
 .debug_frame   0x00000444       0x78 blockdev.o
 .debug_frame   0x000004bc      0x14c iap.o
 .debug_frame   0x00000608      0x184 ../library/lpcusb/usbstack.a(usbhw_lpc.o)
 .debug_frame   0x0000078c       0x64 ../library/lpcusb/usbstack.a(usbcontrol.o)
 .debug_frame   0x000007f0       0x6c ../library/lpcusb/usbstack.a(usbstdreq.o)
 .debug_frame   0x0000085c       0x38 ../library/lpcusb/usbstack.a(usbinit.o)
 .debug_frame   0x00000894       0x28 c:/winarm/bin/../lib/gcc/arm-elf/4.1.1\libgcc.a(_udivsi3.o)
 .debug_frame   0x000008bc       0x28 c:/winarm/bin/../lib/gcc/arm-elf/4.1.1\libgcc.a(_umodsi3.o)

.debug_pubtypes
                0x00000000      0x29a
 .debug_pubtypes
                0x00000000       0x31 printf.o
 .debug_pubtypes
                0x00000031       0x4e main_msc.o
 .debug_pubtypes
                0x0000007f       0x4a msc_bot.o
 .debug_pubtypes
                0x000000c9       0x34 msc_scsi.o
 .debug_pubtypes
                0x000000fd       0x6c iap.o
 .debug_pubtypes
                0x00000169       0x6f ../library/lpcusb/usbstack.a(usbhw_lpc.o)
 .debug_pubtypes
                0x000001d8       0x50 ../library/lpcusb/usbstack.a(usbcontrol.o)
 .debug_pubtypes
                0x00000228       0x50 ../library/lpcusb/usbstack.a(usbstdreq.o)
 .debug_pubtypes
                0x00000278       0x22 ../library/lpcusb/usbstack.a(usbinit.o)

.debug_ranges   0x00000000      0x188
 .debug_ranges  0x00000000       0x18 msc_bot.o
 .debug_ranges  0x00000018       0x90 blockdev.o
 .debug_ranges  0x000000a8       0x20 iap.o
 .debug_ranges  0x000000c8       0x30 ../library/lpcusb/usbstack.a(usbhw_lpc.o)
 .debug_ranges  0x000000f8       0x30 ../library/lpcusb/usbstack.a(usbcontrol.o)
 .debug_ranges  0x00000128       0x60 ../library/lpcusb/usbstack.a(usbstdreq.o)
